------------------------------------------------------------
TimeQuest Timing Analyzer Summary
------------------------------------------------------------

Type  : Slow Model Setup 'DIVISOR_FRECUENCIA:C1|CLKOUT'
Slack : -1.581
TNS   : -40.942

Type  : Slow Model Setup 'CLOCK_50'
Slack : 0.252
TNS   : 0.000

Type  : Slow Model Hold 'CLOCK_50'
Slack : 0.391
TNS   : 0.000

Type  : Slow Model Hold 'DIVISOR_FRECUENCIA:C1|CLKOUT'
Slack : 0.804
TNS   : 0.000

Type  : Slow Model Recovery 'DIVISOR_FRECUENCIA:C1|CLKOUT'
Slack : -2.399
TNS   : -23.990

Type  : Slow Model Removal 'DIVISOR_FRECUENCIA:C1|CLKOUT'
Slack : 2.421
TNS   : 0.000

Type  : Slow Model Minimum Pulse Width 'CLOCK_50'
Slack : -1.380
TNS   : -4.380

Type  : Slow Model Minimum Pulse Width 'DIVISOR_FRECUENCIA:C1|CLKOUT'
Slack : -0.500
TNS   : -30.000

Type  : Fast Model Setup 'DIVISOR_FRECUENCIA:C1|CLKOUT'
Slack : -0.193
TNS   : -3.752

Type  : Fast Model Setup 'CLOCK_50'
Slack : 0.641
TNS   : 0.000

Type  : Fast Model Hold 'CLOCK_50'
Slack : 0.215
TNS   : 0.000

Type  : Fast Model Hold 'DIVISOR_FRECUENCIA:C1|CLKOUT'
Slack : 0.359
TNS   : 0.000

Type  : Fast Model Recovery 'DIVISOR_FRECUENCIA:C1|CLKOUT'
Slack : -0.620
TNS   : -6.200

Type  : Fast Model Removal 'DIVISOR_FRECUENCIA:C1|CLKOUT'
Slack : 1.194
TNS   : 0.000

Type  : Fast Model Minimum Pulse Width 'CLOCK_50'
Slack : -1.380
TNS   : -4.380

Type  : Fast Model Minimum Pulse Width 'DIVISOR_FRECUENCIA:C1|CLKOUT'
Slack : -0.500
TNS   : -30.000

------------------------------------------------------------
