------------------------------------------------------------
TimeQuest Timing Analyzer Summary
------------------------------------------------------------

Type  : Slow Model Setup 'DIVISOR_FRECUENCIA:C1|CLKOUT'
Slack : -2.697
TNS   : -59.572

Type  : Slow Model Setup 'CLOCK_50'
Slack : 0.255
TNS   : 0.000

Type  : Slow Model Hold 'CLOCK_50'
Slack : 0.391
TNS   : 0.000

Type  : Slow Model Hold 'DIVISOR_FRECUENCIA:C1|CLKOUT'
Slack : 0.543
TNS   : 0.000

Type  : Slow Model Recovery 'DIVISOR_FRECUENCIA:C1|CLKOUT'
Slack : -2.725
TNS   : -26.042

Type  : Slow Model Removal 'DIVISOR_FRECUENCIA:C1|CLKOUT'
Slack : 2.333
TNS   : 0.000

Type  : Slow Model Minimum Pulse Width 'CLOCK_50'
Slack : -1.380
TNS   : -4.380

Type  : Slow Model Minimum Pulse Width 'DIVISOR_FRECUENCIA:C1|CLKOUT'
Slack : -0.500
TNS   : -30.000

Type  : Fast Model Setup 'DIVISOR_FRECUENCIA:C1|CLKOUT'
Slack : -0.701
TNS   : -11.942

Type  : Fast Model Setup 'CLOCK_50'
Slack : 0.643
TNS   : 0.000

Type  : Fast Model Hold 'CLOCK_50'
Slack : 0.215
TNS   : 0.000

Type  : Fast Model Hold 'DIVISOR_FRECUENCIA:C1|CLKOUT'
Slack : 0.249
TNS   : 0.000

Type  : Fast Model Recovery 'DIVISOR_FRECUENCIA:C1|CLKOUT'
Slack : -0.834
TNS   : -7.756

Type  : Fast Model Removal 'DIVISOR_FRECUENCIA:C1|CLKOUT'
Slack : 1.169
TNS   : 0.000

Type  : Fast Model Minimum Pulse Width 'CLOCK_50'
Slack : -1.380
TNS   : -4.380

Type  : Fast Model Minimum Pulse Width 'DIVISOR_FRECUENCIA:C1|CLKOUT'
Slack : -0.500
TNS   : -30.000

------------------------------------------------------------
